// Jest Snapshot v1, https://goo.gl/fbAQLP

exports[`ChatSendMessage renders correctly 1`] = `
<div>
  <form
    class="sc-dlfnbm ibzwYW"
  >
    <input
      class="sc-bdfBwQ bTUsFP"
      placeholder="Send a message..."
      type="text"
      value=""
    />
    <button
      class="sc-gsTCUz sc-hKgILt kkzXpY"
    >
      Send
    </button>
  </form>
</div>
`;
